// Jest Snapshot v1, https://goo.gl/fbAQLP

exports[`LinkReview renders correctly 1`] = `
<body>
  <div>
    <a
      class="subtitle"
      href="https://www.nytimes.com/2022/03/24/movies/everything-everywhere-all-at-once-review.html"
      rel="noreferrer"
      target="_blank"
    >
      Read the New York Times Review of Everything Everywhere All at Once
    </a>
  </div>
  <div>
    <a
      class="subtitle"
      href="https://www.nytimes.com/2022/03/24/movies/everything-everywhere-all-at-once-review.html"
      rel="noreferrer"
      target="_blank"
    >
      Read the New York Times Review of Everything Everywhere All at Once
    </a>
  </div>
</body>
`;
